 Image zenith-crm-app:local Building 
#1 [internal] load local bake definitions
#1 reading from stdin 768B 2.2s done
#1 reading from stdin 768B 2.2s done
#1 DONE 2.3s

#2 [internal] load build definition from Dockerfile
#2 transferring dockerfile:
#2 transferring dockerfile: 2.69kB 0.1s done
#2 DONE 1.6s

#3 resolve image config for docker-image://docker.io/docker/dockerfile:1
#3 DONE 1.4s

#4 docker-image://docker.io/docker/dockerfile:1@sha256:ecfaec9ed6d810b56388c508f4121597bfbba70d41a6dfeee4d8cad5f295fc32
#4 resolve docker.io/docker/dockerfile:1@sha256:ecfaec9ed6d810b56388c508f4121597bfbba70d41a6dfeee4d8cad5f295fc32 0.2s done
#4 CACHED
Dockerfile:1

--------------------

   1 | >>> ﻿# syntax=docker/dockerfile:1

   2 |     

   3 |     # ---------------------------------------------------------------

--------------------

failed to solve: frontend grpc server closed unexpectedly



View build details: docker-desktop://dashboard/build/default/default/ubgaskwlyuup11oli8zi747hn

