 Image zenith-wacalls:local Building 
#1 [internal] load local bake definitions
#1 reading from stdin 566B 0.0s done
#1 DONE 0.0s

#2 [internal] load build definition from Dockerfile.zenith
#2 transferring dockerfile: 1.71kB 0.0s done
#2 DONE 0.1s

#3 resolve image config for docker-image://docker.io/docker/dockerfile:1
#3 DONE 1.2s

#4 docker-image://docker.io/docker/dockerfile:1@sha256:ecfaec9ed6d810b56388c508f4121597bfbba70d41a6dfeee4d8cad5f295fc32
#4 resolve docker.io/docker/dockerfile:1@sha256:ecfaec9ed6d810b56388c508f4121597bfbba70d41a6dfeee4d8cad5f295fc32 0.1s done
#4 CACHED

#5 [internal] load metadata for docker.io/library/golang:1.26-bookworm
#5 DONE 0.9s

#6 [internal] load metadata for docker.io/library/debian:bookworm-slim
#6 DONE 0.9s

#7 [internal] load metadata for docker.io/library/node:22-bookworm-slim
#7 DONE 1.0s

#8 [internal] load .dockerignore
#8 transferring context: 2B done
#8 DONE 0.0s

#9 [internal] load build context
#9 DONE 0.0s

#10 [client-build 1/6] FROM docker.io/library/node:22-bookworm-slim@sha256:83f487e0a63425e5b4d146fb5e5be574bcbe1b7b843d3ebafdd95eaf7767a7e5
#10 resolve docker.io/library/node:22-bookworm-slim@sha256:83f487e0a63425e5b4d146fb5e5be574bcbe1b7b843d3ebafdd95eaf7767a7e5 0.1s done
#10 DONE 0.1s

#11 [stage-2 1/6] FROM docker.io/library/debian:bookworm-slim@sha256:88200866dfff7ea7f5cbcb6ec7c8a701889efe6fe859fe64d6990e4b07ea4171
#11 resolve docker.io/library/debian:bookworm-slim@sha256:88200866dfff7ea7f5cbcb6ec7c8a701889efe6fe859fe64d6990e4b07ea4171 0.1s done
#11 DONE 0.1s

#12 [go-build 1/7] FROM docker.io/library/golang:1.26-bookworm@sha256:9fdc884aacc3bec89b20ffc69f4bb369c78210e3e4f600387b5128b12c199f81
#12 resolve docker.io/library/golang:1.26-bookworm@sha256:9fdc884aacc3bec89b20ffc69f4bb369c78210e3e4f600387b5128b12c199f81 0.1s done
#12 DONE 0.1s

#9 [internal] load build context
#9 transferring context: 12.66kB 0.0s done
#9 DONE 0.1s

#13 [client-build 4/6] RUN npm ci
#13 CACHED

#14 [client-build 3/6] COPY client/package*.json ./
#14 CACHED

#15 [go-build 5/7] COPY . .
#15 CACHED

#16 [go-build 3/7] COPY go.mod go.sum ./
#16 CACHED

#17 [go-build 2/7] WORKDIR /src
#17 CACHED

#18 [client-build 5/6] COPY client/ ./
#18 CACHED

#19 [client-build 6/6] RUN npm run build
#19 CACHED

#20 [client-build 2/6] WORKDIR /src/client
#20 CACHED

#21 [go-build 4/7] RUN go mod download
#21 CACHED

#22 [go-build 6/7] COPY --from=client-build /src/client/dist ./client/dist
#22 CACHED

#23 [go-build 7/7] RUN CGO_ENABLED=0 GOOS=linux go build     -trimpath     -ldflags="-s -w"     -o /out/wacalls     ./cmd/server
#23 57.18 # wacalls/cmd/server
#23 57.18 cmd/server/session.go:109:45: undefined: peer
#23 ERROR: process "/bin/sh -c CGO_ENABLED=0 GOOS=linux go build     -trimpath     -ldflags=\"-s -w\"     -o /out/wacalls     ./cmd/server" did not complete successfully: exit code: 1
------
 > [go-build 7/7] RUN CGO_ENABLED=0 GOOS=linux go build     -trimpath     -ldflags="-s -w"     -o /out/wacalls     ./cmd/server:
57.18 # wacalls/cmd/server
57.18 cmd/server/session.go:109:45: undefined: peer
------
Dockerfile.zenith:34

--------------------

  33 |     

  34 | >>> RUN CGO_ENABLED=0 GOOS=linux go build \

  35 | >>>     -trimpath \

  36 | >>>     -ldflags="-s -w" \

  37 | >>>     -o /out/wacalls \

  38 | >>>     ./cmd/server

  39 |     

--------------------

failed to solve: process "/bin/sh -c CGO_ENABLED=0 GOOS=linux go build     -trimpath     -ldflags=\"-s -w\"     -o /out/wacalls     ./cmd/server" did not complete successfully: exit code: 1



View build details: docker-desktop://dashboard/build/default/default/jf6u8tod6xfkpewvuv91se517

